--
-- Setup MX data syncing
--
SELECT start_metadata_sync_to_node('<host>', :worker_1_port);
 start_metadata_sync_to_node
---------------------------------------------------------------------

(1 row)

SELECT start_metadata_sync_to_node('<host>', :worker_2_port);
 start_metadata_sync_to_node
---------------------------------------------------------------------

(1 row)

